running develop
running egg_info
creating omni_follower.egg-info
writing omni_follower.egg-info/PKG-INFO
writing dependency_links to omni_follower.egg-info/dependency_links.txt
writing entry points to omni_follower.egg-info/entry_points.txt
writing requirements to omni_follower.egg-info/requires.txt
writing top-level names to omni_follower.egg-info/top_level.txt
writing manifest file 'omni_follower.egg-info/SOURCES.txt'
reading manifest file 'omni_follower.egg-info/SOURCES.txt'
writing manifest file 'omni_follower.egg-info/SOURCES.txt'
running build_ext
Creating /home/sho/ros_omni_1/ros_ws/install/omni_follower/lib/python3.12/site-packages/omni-follower.egg-link (link to .)
Installing follower_controller script to /home/sho/ros_omni_1/ros_ws/install/omni_follower/lib/omni_follower
Installing stm32_bridge script to /home/sho/ros_omni_1/ros_ws/install/omni_follower/lib/omni_follower
Installing target_detector script to /home/sho/ros_omni_1/ros_ws/install/omni_follower/lib/omni_follower

Installed /home/sho/ros_omni_1/ros_ws/build/omni_follower
running symlink_data
creating /home/sho/ros_omni_1/ros_ws/install/omni_follower/share/ament_index
creating /home/sho/ros_omni_1/ros_ws/install/omni_follower/share/ament_index/resource_index
creating /home/sho/ros_omni_1/ros_ws/install/omni_follower/share/ament_index/resource_index/packages
symbolically linking /home/sho/ros_omni_1/ros_ws/build/omni_follower/resource/omni_follower -> /home/sho/ros_omni_1/ros_ws/install/omni_follower/share/ament_index/resource_index/packages
symbolically linking /home/sho/ros_omni_1/ros_ws/build/omni_follower/package.xml -> /home/sho/ros_omni_1/ros_ws/install/omni_follower/share/omni_follower
creating /home/sho/ros_omni_1/ros_ws/install/omni_follower/share/omni_follower/launch
symbolically linking /home/sho/ros_omni_1/ros_ws/build/omni_follower/launch/follow_robot.launch.py -> /home/sho/ros_omni_1/ros_ws/install/omni_follower/share/omni_follower/launch
creating /home/sho/ros_omni_1/ros_ws/install/omni_follower/share/omni_follower/config
symbolically linking /home/sho/ros_omni_1/ros_ws/build/omni_follower/config/params.yaml -> /home/sho/ros_omni_1/ros_ws/install/omni_follower/share/omni_follower/config
